My name is Nakul

===========================================================================================================================================

Sudhir@HP /e/mylocalrepo
$ git  init
Initialized empty Git repository in e:/mylocalrepo/.git/

Sudhir@HP /e/mylocalrepo (master)
$ git remote add origin https://github.com/sudhir-ahirkar/sourceCodeManage.git

Sudhir@HP /e/mylocalrepo (master)
$ git status
On branch master

Initial commit

nothing to commit (create/copy files and use "git add" to track)

Sudhir@HP /e/mylocalrepo (master)
$ git remote -v
origin  https://github.com/sudhir-ahirkar/sourceCodeManage.git (fetch)
origin  https://github.com/sudhir-ahirkar/sourceCodeManage.git (push)

Sudhir@HP /e/mylocalrepo (master)
$ git remote remove origin

Sudhir@HP /e/mylocalrepo (master)
$ git remote -v

Sudhir@HP /e/mylocalrepo (master)
$ git remote add myorigin https://github.com/sudhir-ahirkar/sourceCodeManage.gi
t

Sudhir@HP /e/mylocalrepo (master)
$ get remote -v
sh.exe": get: command not found

Sudhir@HP /e/mylocalrepo (master)
$ get remote -v
sh.exe": get: command not found

Sudhir@HP /e/mylocalrepo (master)
$ get remote -v
sh.exe": get: command not found

Sudhir@HP /e/mylocalrepo (master)
$ git remote -v
myorigin        https://github.com/sudhir-ahirkar/sourceCodeManage.git (fetch)
myorigin        https://github.com/sudhir-ahirkar/sourceCodeManage.git (push)

Sudhir@HP /e/mylocalrepo (master)
$ git status
On branch master

Initial commit

Untracked files:
  (use "git add <file>..." to include in what will be committed)

        test.txt

nothing added to commit but untracked files present (use "git add" to track)

Sudhir@HP /e/mylocalrepo (master)
$ git add test.txt

Sudhir@HP /e/mylocalrepo (master)
$ git status
On branch master

Initial commit

Changes to be committed:
  (use "git rm --cached <file>..." to unstage)

        new file:   test.txt


Sudhir@HP /e/mylocalrepo (master)
$ git add -all
error: did you mean `--all` (with two dashes ?)

Sudhir@HP /e/mylocalrepo (master)
$ git add --all

Sudhir@HP /e/mylocalrepo (master)
$ git add .

Sudhir@HP /e/mylocalrepo (master)
$ git status
On branch master

Initial commit

Changes to be committed:
  (use "git rm --cached <file>..." to unstage)

        new file:   test.txt


Sudhir@HP /e/mylocalrepo (master)
$
============================================================================================================
sh.exe": get: command not found

Sudhir@HP /e/mylocalrepo (master)
$ git remote -v
myorigin        https://github.com/sudhir-ahirkar/sourceCodeManage.git (fetch)
myorigin        https://github.com/sudhir-ahirkar/sourceCodeManage.git (push)

Sudhir@HP /e/mylocalrepo (master)
$ git status
On branch master

Initial commit

Untracked files:
  (use "git add <file>..." to include in what will be committed)

        test.txt

nothing added to commit but untracked files present (use "git add" to track)

Sudhir@HP /e/mylocalrepo (master)
$ git add test.txt

Sudhir@HP /e/mylocalrepo (master)
$ git status
On branch master

Initial commit

Changes to be committed:
  (use "git rm --cached <file>..." to unstage)

        new file:   test.txt


Sudhir@HP /e/mylocalrepo (master)
$ git add -all
error: did you mean `--all` (with two dashes ?)

Sudhir@HP /e/mylocalrepo (master)
$ git add --all

Sudhir@HP /e/mylocalrepo (master)
$ git add .

Sudhir@HP /e/mylocalrepo (master)
$ git status
On branch master

Initial commit

Changes to be committed:
  (use "git rm --cached <file>..." to unstage)

        new file:   test.txt


Sudhir@HP /e/mylocalrepo (master)
$ git status
On branch master

Initial commit

Changes to be committed:
  (use "git rm --cached <file>..." to unstage)

        new file:   test.txt

Changes not staged for commit:
  (use "git add <file>..." to update what will be committed)
  (use "git checkout -- <file>..." to discard changes in working directory)

        modified:   test.txt


Sudhir@HP /e/mylocalrepo (master)
$ git add test.txt

Sudhir@HP /e/mylocalrepo (master)
$ git status
On branch master

Initial commit

Changes to be committed:
  (use "git rm --cached <file>..." to unstage)

        new file:   test.txt


Sudhir@HP /e/mylocalrepo (master)
$ git rm --cached test.txt
rm 'test.txt'

Sudhir@HP /e/mylocalrepo (master)
$ git status
On branch master

Initial commit

Untracked files:
  (use "git add <file>..." to include in what will be committed)

        test.txt

nothing added to commit but untracked files present (use "git add" to track)

Sudhir@HP /e/mylocalrepo (master)
$ git add --all

Sudhir@HP /e/mylocalrepo (master)
$ git status
On branch master

Initial commit

Changes to be committed:
  (use "git rm --cached <file>..." to unstage)

        new file:   test.txt


Sudhir@HP /e/mylocalrepo (master)
$ git status
On branch master

Initial commit

Changes to be committed:
  (use "git rm --cached <file>..." to unstage)

        new file:   test.txt

Untracked files:
  (use "git add <file>..." to include in what will be committed)

        .gitignored.txt
        abhishek.txt


Sudhir@HP /e/mylocalrepo (master)
$ git status
On branch master

Initial commit

Changes to be committed:
  (use "git rm --cached <file>..." to unstage)

        new file:   test.txt

Untracked files:
  (use "git add <file>..." to include in what will be committed)

        .gitignored.txt
        abhishek.txt


Sudhir@HP /e/mylocalrepo (master)
$ git status
On branch master

Initial commit

Changes to be committed:
  (use "git rm --cached <file>..." to unstage)

        new file:   test.txt

Untracked files:
  (use "git add <file>..." to include in what will be committed)

        .gitignore.txt
        abhishek.txt


Sudhir@HP /e/mylocalrepo (master)
$ git stutus
git: 'stutus' is not a git command. See 'git --help'.

Did you mean this?
        status

Sudhir@HP /e/mylocalrepo (master)
$ git status
On branch master

Initial commit

Changes to be committed:
  (use "git rm --cached <file>..." to unstage)

        new file:   test.txt

Untracked files:
  (use "git add <file>..." to include in what will be committed)

        abhishek.txt


Sudhir@HP /e/mylocalrepo (master)
$ git status
On branch master

Initial commit

Changes to be committed:
  (use "git rm --cached <file>..." to unstage)

        new file:   test.txt

Untracked files:
  (use "git add <file>..." to include in what will be committed)

        .gitignore


Sudhir@HP /e/mylocalrepo (master)
$ git add -.gitignore
error: unknown switch `.'
usage: git add [options] [--] <pathspec>...

    -n, --dry-run         dry run
    -v, --verbose         be verbose

    -i, --interactive     interactive picking
    -p, --patch           select hunks interactively
    -e, --edit            edit current diff and apply
    -f, --force           allow adding otherwise ignored files
    -u, --update          update tracked files
    -N, --intent-to-add   record only the fact that the path will be added later

    -A, --all             add changes from all tracked and untracked files
    --ignore-removal      ignore paths removed in the working tree (same as --no
-all)
    --refresh             don't add, only refresh the index
    --ignore-errors       just skip files which cannot be added because of error
s
    --ignore-missing      check if - even missing - files are ignored in dry run



Sudhir@HP /e/mylocalrepo (master)
$ git add .gitignore

Sudhir@HP /e/mylocalrepo (master)
$ git status
On branch master

Initial commit

Changes to be committed:
  (use "git rm --cached <file>..." to unstage)

        new file:   .gitignore
        new file:   test.txt

Untracked files:
  (use "git add <file>..." to include in what will be committed)

        ram.txt


Sudhir@HP /e/mylocalrepo (master)
$ git status
On branch master

Initial commit

Changes to be committed:
  (use "git rm --cached <file>..." to unstage)

        new file:   .gitignore
        new file:   test.txt

Changes not staged for commit:
  (use "git add <file>..." to update what will be committed)
  (use "git checkout -- <file>..." to discard changes in working directory)

        modified:   .gitignore


Sudhir@HP /e/mylocalrepo (master)
$ git add .gitignore

Sudhir@HP /e/mylocalrepo (master)
$ git status
On branch master

Initial commit

Changes to be committed:
  (use "git rm --cached <file>..." to unstage)

        new file:   .gitignore
        new file:   test.txt


Sudhir@HP /e/mylocalrepo (master)
$